Work Log Smoke Tests 
Run: 15/05/2026  (pending — Chromium not available in CI sandbox) 
 

1. Page load
  ✅ No JS errors on load
  ✅ Test harness exposed
  ✅ Stats rendered
  ✅ liveWeek element exists
  ✅ liveMoon element exists
  ✅ liveFlagDay element exists
  ✅ liveNameday element exists
  ✅ liveSunrise element exists
  ✅ liveRain element exists
  ✅ eodBtn exists
  ✅ jiraSection exists
  ✅ timerDistract btn exists
  ✅ distractionSection exists
  ✅ parkSection exists
  ✅ idkwBtn exists
  ✅ upcomingSection exists
  ✅ calSection exists
  ✅ CSP includes nimipaivarajapinta.fi
  ✅ liveNameday element rendered
  ✅ liveFlagDay rendered without crash

2. roundToNearest30
  ✅ 10:00 → 10:00
  ✅ 10:08 → 10:00
  ✅ 10:15 → 10:00
  ✅ 10:16 → 10:30
  ✅ 10:30 → 10:30
  ✅ 10:45 → 10:30
  ✅ 10:46 → 11:00
  ✅ 10:59 → 11:00
  ✅ seconds zeroed

3. localStorage round-trip
  ✅ Entries loaded from storage
  ✅ Entry text preserved
  ✅ Custom categories loaded
  ✅ Category colour preserved
  ✅ Stat today shows 1
  ✅ save() guard preserves data when entries emptied

4. Timer start & display
  ✅ Timer bar visible
  ✅ Timer shows task name
  ✅ Elapsed time non-zero
  ✅ Tab title shows elapsed time
  ✅ Tab title has running indicator

5. Timer persists across reload
  ✅ Timer bar visible while running
  ✅ Timer elapsed is non-zero
  ✅ Timer elapsed format valid
  ✅ Timer state saved to localStorage

6. completedAt
  ✅ completedAt set when marked Done
  ✅ completedAt is not 23:59 sentinel
  ✅ completedAt is not midnight sentinel
  ✅ completedAt within 30min of now
  ✅ Completed tasks section exists
  ✅ Completed task appears in section
  ✅ Completed item shows "completed" text

7. Auto-carry
  ✅ Unfinished task carried to today
  ✅ Carried task preserves inprogress
  ✅ Done task not carried
  ✅ Pending task carried to today
  ✅ Pending task preserves pending status
  ✅ Upcoming task not carried to today

8. Sort order
  ✅ In Progress before To do
  ✅ Alpha todo before Zebra todo
  ✅ Done task not in main plan list
  ✅ Upcoming task not in main plan list
  ✅ Upcoming task appears in upcoming section
  ✅ Upcoming section is visible

9. Plan count header
  ✅ Count shows to do
  ✅ Count shows in progress
  ✅ Count shows done
  ✅ Count uses · separator

10. Week number
  ✅ Week number shown
  ✅ Week format valid
  ✅ Week number in second box

11. Distraction tracking
  ✅ Distraction section shows entry
  ✅ Distraction note shown

12. Active task highlighting
  ✅ Active task has active-timer class
  ✅ Active task has left border

13. Tab title
  ✅ Title shows ▶ when running
  ✅ Title contains task name
  ✅ Title contains elapsed time
  ✅ Title shows ⏸ when paused

14. safeCssColor
  ✅ Malicious color replaced with fallback
  ✅ Valid hex color preserved
  ✅ Valid hsl color preserved

15. Emergency Mode
  ✅ Body has emergency class
  ✅ Emergency screen visible
  ✅ Emergency shows task name
  ✅ Stats hidden in emergency
  ✅ Plan section hidden
  ✅ Emergency next input exists
  ✅ Body loses emergency class on exit
  ✅ Stats visible again after exit
  ✅ Next action restored on re-entry
  ✅ Escape exits emergency mode

16. Transition handoff note
  ✅ Handoff input appears on first stop click
  ✅ Stop button changes to done ✓
  ✅ Timer still running during handoff
  ✅ Timer stopped after handoff confirm
  ✅ Handoff input hidden after stop
  ✅ Stop button restored to "stop"
  ✅ Handoff note saved to localStorage
  ✅ Handoff note NOT shown in quick pick

17. Day-change fixes & task retirement
  ✅ No ReferenceError on load
  ✅ No banner null crash
  ✅ Render completes cleanly
  ✅ Today task marked done
  ✅ Yesterday version also retired
  ✅ Yesterday version gets completedAt
  ✅ Duplicate tasks deduplicated in completed section

18. Untracked slot boundary
  ✅ tsEnd seconds = 0
  ✅ tsEnd minutes % 30 = 0
  ✅ timeToSlot(9,30) = 3 (slot after meeting)
  ✅ Slot after boundary tsEnd is NOT covered

19. Paused timer live block cap
  ✅ Paused timer has coverage data
  ✅ Paused timer endSlot < nowSlot
  ✅ Current slot NOT covered when paused

20. Pending-carry self-heal
  ✅ Self-heal corrects status to pending
  ✅ Self-heal copies statusComments forward

21. Handoff not in quick pick
  ✅ Quick pick renders task
  ✅ Handoff note NOT shown in quick pick
  ✅ No qp-handoff class in quick pick

22. Task emoji
  ✅ Emoji shown in task name
  ✅ Non-emoji task has no emoji
  ✅ No emoji buttons in task list (moved to timeblock only)

23. Start of day button
  ✅ sodBtn exists
  ✅ Start of day timestamp stored
  ✅ Stored value is a number string
  ✅ Button shows started time

24. Streak counter
  ✅ Streak shows 2 (yesterday + day before)
  ✅ Streak updates to 3 after logging today

25. Upcoming status & section
  ✅ Upcoming tasks absent from main list
  ✅ Todo task present in main list
  ✅ Upcoming A in upcoming section
  ✅ Upcoming B in upcoming section
  ✅ Upcoming section visible
  ✅ Upcoming count shows 2
  ✅ Task moves to main list after status change from upcoming
  ✅ Upcoming section hidden when empty

26. Timer stops when task marked done
  ✅ Timer running before marking done
  ✅ Timer stopped after marking done
  ✅ Timer bar hidden after auto-stop
  ✅ Entry tsEnd set after auto-stop

────────────────────────────────────────────────
  136 passed  |  0 failed  |  136 total
────────────────────────────────────────────────
 
ALL TESTS PASSED
